ASxxxx Linker V03.00 + NoICE + sdld,  page 1.
Hexadecimal  [32-Bits]

Area                       Addr        Size        Decimal Bytes (Attributes)
--------------------       ----        ----        ------- ----- ------------
.  .ABS.               00000000    00000000 =           0. bytes (ABS,CON)

        Value  Global            Value  Global            Value  Global    
        -----  ------            -----  ------            -----  ------    
     00000000  .__.ABS.  |    00000000  l__CABS   |    00000000  l__CODE_0
     00000000  l__CODE_2 |    00000000  l__DABS   |    00000000  l__FONT_H
     00000000  l__HEADER |    00000000  l__HEADER |    00000000  l__HEAP  
     00000000  l__HRAM   |    00000000  l__LIT    |    00000000  l__SFR   
     00000000  s__CABS   |    00000000  s__DABS   |    00000000  s__FONT_H
     00000000  s__FONT_H |    00000000  s__HEADER |    00000000  s__HEADER
     00000000  s__HEADER |    00000000  s__HEADER |    00000000  s__HEADER
     00000000  s__HEADER |    00000000  s__HEADER |    00000000  s__HEADER
     00000000  s__HEADER |    00000000  s__HEADER |    00000000  s__HEADER
     00000000  s__HEADER |    00000000  s__HEADER |    00000000  s__HEADER
     00000000  s__HEADER |    00000000  s__HEADER |    00000000  s__HEADER
     00000000  s__HEADER |    00000000  s__HEADER |    00000000  s__HEADER
     00000000  s__HEADER |    00000000  s__HRAM   |    00000000  s__HRAM12
     00000000  s__SFR    |    00000000  s__SFR0   |    00000000  s__SFR1  
     00000000  s__SFR10  |    00000000  s__SFR11  |    00000000  s__SFR12 
     00000000  s__SFR13  |    00000000  s__SFR14  |    00000000  s__SFR15 
     00000000  s__SFR16  |    00000000  s__SFR17  |    00000000  s__SFR18 
     00000000  s__SFR19  |    00000000  s__SFR1a  |    00000000  s__SFR1b 
     00000000  s__SFR1c  |    00000000  s__SFR1d  |    00000000  s__SFR1e 
     00000000  s__SFR1f  |    00000000  s__SFR2   |    00000000  s__SFR20 
     00000000  s__SFR21  |    00000000  s__SFR22  |    00000000  s__SFR23 
     00000000  s__SFR24  |    00000000  s__SFR25  |    00000000  s__SFR26 
     00000000  s__SFR27  |    00000000  s__SFR28  |    00000000  s__SFR29 
     00000000  s__SFR2a  |    00000000  s__SFR2b  |    00000000  s__SFR2c 
     00000000  s__SFR2d  |    00000000  s__SFR2e  |    00000000  s__SFR2f 
     00000000  s__SFR3   |    00000000  s__SFR30  |    00000000  s__SFR31 
     00000000  s__SFR32  |    00000000  s__SFR33  |    00000000  s__SFR34 
     00000000  s__SFR35  |    00000000  s__SFR36  |    00000000  s__SFR4  
     00000000  s__SFR5   |    00000000  s__SFR6   |    00000000  s__SFR7  
     00000000  s__SFR8   |    00000000  s__SFR9   |    00000000  s__SFRa  
     00000000  s__SFRb   |    00000000  s__SFRc   |    00000000  s__SFRd  
     00000000  s__SFRe   |    00000000  s__SFRf   |    00000001  l__GSFINA
     00000001  l__HEADER |    00000001  l__HEADER |    00000001  l__HEADER
     00000001  l__HEADER |    00000001  l__HEADER |    00000001  l__HEADER
     00000001  l__HEADER |    00000001  l__SFR0   |    00000001  l__SFR1  
     00000001  l__SFR10  |    00000001  l__SFR11  |    00000001  l__SFR12 
     00000001  l__SFR13  |    00000001  l__SFR14  |    00000001  l__SFR15 
     00000001  l__SFR16  |    00000001  l__SFR17  |    00000001  l__SFR18 
     00000001  l__SFR19  |    00000001  l__SFR1a  |    00000001  l__SFR1b 
     00000001  l__SFR1c  |    00000001  l__SFR1d  |    00000001  l__SFR1e 
     00000001  l__SFR1f  |    00000001  l__SFR2   |    00000001  l__SFR20 
     00000001  l__SFR21  |    00000001  l__SFR22  |    00000001  l__SFR23 
     00000001  l__SFR24  |    00000001  l__SFR25  |    00000001  l__SFR26 
     00000001  l__SFR27  |    00000001  l__SFR28  |    00000001  l__SFR29 
     00000001  l__SFR2a  |    00000001  l__SFR2b  |    00000001  l__SFR2c 
     00000001  l__SFR2d  |    00000001  l__SFR2e  |    00000001  l__SFR2f 
     00000001  l__SFR3   |    00000001  l__SFR30  |    00000001  l__SFR31 
     00000001  l__SFR32  |    00000001  l__SFR33  |    00000001  l__SFR34 
     00000001  l__SFR35  |    00000001  l__SFR36  |    00000001  l__SFR4  
     00000001  l__SFR5   |    00000001  l__SFR6   |    00000001  l__SFR7  
ASxxxx Linker V03.00 + NoICE + sdld,  page 2.
Hexadecimal  [32-Bits]

Area                       Addr        Size        Decimal Bytes (Attributes)
--------------------       ----        ----        ------- ----- ------------
.  .ABS.               00000000    00000000 =           0. bytes (ABS,CON)

        Value  Global            Value  Global            Value  Global    
        -----  ------            -----  ------            -----  ------    
     00000001  l__SFR8   |    00000001  l__SFR9   |    00000001  l__SFRa  
     00000001  l__SFRb   |    00000001  l__SFRc   |    00000001  l__SFRd  
     00000001  l__SFRe   |    00000001  l__SFRf   |    00000002  l__HEADER
     00000002  l__HEADER |    00000002  l__HEADER |    00000003  l__FONT_H
     00000003  l__HEADER |    00000003  l__HEADER |    00000003  l__HRAM12
     00000005  l__HEADER |    00000006  l__HEADER |    00000007  l__HEADER
     00000008  l__HEADER |    0000002C  l__HEADER |    00000030  l__HEADER
     0000003F  l__GSINIT |    00000044  l__BSS    |    00000083  l__HEADER
     000000F8  l__HOME   |    000000FF  ___bank_B |    000000FF  ___bank_B
     000000FF  ___bank_C |    00000198  l__DATA   |    00000200  s__CODE  
     000005D3  l__INITIA |    000005D3  l__INITIA |    00000845  l__BASE  
     00001039  l__CODE   |    00001239  s__HOME   |    00001331  s__BASE  
     00001B76  s__CODE_0 |    00001B76  s__INITIA |    00001B76  s__LIT   
     00002149  s__GSINIT |    00002188  s__GSFINA |    0000C000  _shadow_O
     0000C0A0  s__DATA   |    0000C238  s__BSS    |    0000C27C  s__INITIA
     0000C84F  s__HEAP   |    0000E000  .STACK    |    0000FF80  .refresh_
     00FF4000  s__CODE_2
ASxxxx Linker V03.00 + NoICE + sdld,  page 3.
Hexadecimal  [32-Bits]

Area                       Addr        Size        Decimal Bytes (Attributes)
--------------------       ----        ----        ------- ----- ------------
_CODE                  00000200    00001039 =        4153. bytes (REL,CON)

        Value  Global            Value  Global            Value  Global    
        -----  ------            -----  ------            -----  ------    
     00000200  _set_came |    00000500  _set_leve |    00000549  _performa
     00000556  _main     |    00000700  _blankmap |    0000070B  _load_sce
     000008C1  _load_lev |    000008FC  _render_a |    00000B23  _init_sub
     00000C10  ___move_m |    00000C48  ___hide_m |    00000C68  ___move_m
     00000CA4  ___move_m |    00000CE0  ___move_m |    00000D1E  _putchar 
     00000D27  _setchar  |    00000D30  _gotoxy   |    00000D3B  _posx    
     00000D4C  _posy     |    00000E05  ___printf |    00001193  _utoa    
     000011A2  _itoa     |    000011B1  .itoa     |    000011C5  .utoa    
ASxxxx Linker V03.00 + NoICE + sdld,  page 4.
Hexadecimal  [32-Bits]

Area                       Addr        Size        Decimal Bytes (Attributes)
--------------------       ----        ----        ------- ----- ------------
_HEADER0               00000000    00000001 =           1. bytes (ABS,CON)

        Value  Global            Value  Global            Value  Global    
        -----  ------            -----  ------            -----  ------    
     00000020  .call_hl 
ASxxxx Linker V03.00 + NoICE + sdld,  page 5.
Hexadecimal  [32-Bits]

Area                       Addr        Size        Decimal Bytes (Attributes)
--------------------       ----        ----        ------- ----- ------------
_HEADER1               00000000    00000005 =           5. bytes (ABS,CON)

        Value  Global            Value  Global            Value  Global    
        -----  ------            -----  ------            -----  ------    
     00000028  .MemsetSm
ASxxxx Linker V03.00 + NoICE + sdld,  page 6.
Hexadecimal  [32-Bits]

Area                       Addr        Size        Decimal Bytes (Attributes)
--------------------       ----        ----        ------- ----- ------------
_HEADER2               00000000    00000007 =           7. bytes (ABS,CON)

        Value  Global            Value  Global            Value  Global    
        -----  ------            -----  ------            -----  ------    
     00000030  .MemcpySm
ASxxxx Linker V03.00 + NoICE + sdld,  page 7.
Hexadecimal  [32-Bits]

Area                       Addr        Size        Decimal Bytes (Attributes)
--------------------       ----        ----        ------- ----- ------------
_HEADER3               00000000    00000008 =           8. bytes (ABS,CON)

        Value  Global            Value  Global            Value  Global    
        -----  ------            -----  ------            -----  ------    
ASxxxx Linker V03.00 + NoICE + sdld,  page 8.
Hexadecimal  [32-Bits]

Area                       Addr        Size        Decimal Bytes (Attributes)
--------------------       ----        ----        ------- ----- ------------
_HEADER4               00000000    0000002C =          44. bytes (ABS,CON)

        Value  Global            Value  Global            Value  Global    
        -----  ------            -----  ------            -----  ------    
     00000080  .int      |    0000008F  _wait_int |    0000009C  __standar
ASxxxx Linker V03.00 + NoICE + sdld,  page 9.
Hexadecimal  [32-Bits]

Area                       Addr        Size        Decimal Bytes (Attributes)
--------------------       ----        ----        ------- ----- ------------
_HEADER5               00000000    00000002 =           2. bytes (ABS,CON)

        Value  Global            Value  Global            Value  Global    
        -----  ------            -----  ------            -----  ------    
ASxxxx Linker V03.00 + NoICE + sdld,  page 10.
Hexadecimal  [32-Bits]

Area                       Addr        Size        Decimal Bytes (Attributes)
--------------------       ----        ----        ------- ----- ------------
_HEADER6               00000000    00000030 =          48. bytes (ABS,CON)

        Value  Global            Value  Global            Value  Global    
        -----  ------            -----  ------            -----  ------    
ASxxxx Linker V03.00 + NoICE + sdld,  page 11.
Hexadecimal  [32-Bits]

Area                       Addr        Size        Decimal Bytes (Attributes)
--------------------       ----        ----        ------- ----- ------------
_HEADER7               00000000    00000006 =           6. bytes (ABS,CON)

        Value  Global            Value  Global            Value  Global    
        -----  ------            -----  ------            -----  ------    
ASxxxx Linker V03.00 + NoICE + sdld,  page 12.
Hexadecimal  [32-Bits]

Area                       Addr        Size        Decimal Bytes (Attributes)
--------------------       ----        ----        ------- ----- ------------
_HEADER8               00000000    00000003 =           3. bytes (ABS,CON)

        Value  Global            Value  Global            Value  Global    
        -----  ------            -----  ------            -----  ------    
ASxxxx Linker V03.00 + NoICE + sdld,  page 13.
Hexadecimal  [32-Bits]

Area                       Addr        Size        Decimal Bytes (Attributes)
--------------------       ----        ----        ------- ----- ------------
_HEADER9               00000000    00000001 =           1. bytes (ABS,CON)

        Value  Global            Value  Global            Value  Global    
        -----  ------            -----  ------            -----  ------    
ASxxxx Linker V03.00 + NoICE + sdld,  page 14.
Hexadecimal  [32-Bits]

Area                       Addr        Size        Decimal Bytes (Attributes)
--------------------       ----        ----        ------- ----- ------------
_HEADERa               00000000    00000001 =           1. bytes (ABS,CON)

        Value  Global            Value  Global            Value  Global    
        -----  ------            -----  ------            -----  ------    
ASxxxx Linker V03.00 + NoICE + sdld,  page 15.
Hexadecimal  [32-Bits]

Area                       Addr        Size        Decimal Bytes (Attributes)
--------------------       ----        ----        ------- ----- ------------
_HEADERb               00000000    00000001 =           1. bytes (ABS,CON)

        Value  Global            Value  Global            Value  Global    
        -----  ------            -----  ------            -----  ------    
ASxxxx Linker V03.00 + NoICE + sdld,  page 16.
Hexadecimal  [32-Bits]

Area                       Addr        Size        Decimal Bytes (Attributes)
--------------------       ----        ----        ------- ----- ------------
_HEADERc               00000000    00000002 =           2. bytes (ABS,CON)

        Value  Global            Value  Global            Value  Global    
        -----  ------            -----  ------            -----  ------    
ASxxxx Linker V03.00 + NoICE + sdld,  page 17.
Hexadecimal  [32-Bits]

Area                       Addr        Size        Decimal Bytes (Attributes)
--------------------       ----        ----        ------- ----- ------------
_HEADERd               00000000    00000001 =           1. bytes (ABS,CON)

        Value  Global            Value  Global            Value  Global    
        -----  ------            -----  ------            -----  ------    
ASxxxx Linker V03.00 + NoICE + sdld,  page 18.
Hexadecimal  [32-Bits]

Area                       Addr        Size        Decimal Bytes (Attributes)
--------------------       ----        ----        ------- ----- ------------
_HEADERe               00000000    00000001 =           1. bytes (ABS,CON)

        Value  Global            Value  Global            Value  Global    
        -----  ------            -----  ------            -----  ------    
ASxxxx Linker V03.00 + NoICE + sdld,  page 19.
Hexadecimal  [32-Bits]

Area                       Addr        Size        Decimal Bytes (Attributes)
--------------------       ----        ----        ------- ----- ------------
_HEADERf               00000000    00000002 =           2. bytes (ABS,CON)

        Value  Global            Value  Global            Value  Global    
        -----  ------            -----  ------            -----  ------    
ASxxxx Linker V03.00 + NoICE + sdld,  page 20.
Hexadecimal  [32-Bits]

Area                       Addr        Size        Decimal Bytes (Attributes)
--------------------       ----        ----        ------- ----- ------------
_HEADER10              00000000    00000083 =         131. bytes (ABS,CON)

        Value  Global            Value  Global            Value  Global    
        -----  ------            -----  ------            -----  ------    
     00000150  .reset    |    00000150  _reset    |    00000153  .code_sta
     000001B4  _exit     |    000001B8  _enable_i |    000001BA  _disable_
     000001BC  _set_inte
ASxxxx Linker V03.00 + NoICE + sdld,  page 21.
Hexadecimal  [32-Bits]

Area                       Addr        Size        Decimal Bytes (Attributes)
--------------------       ----        ----        ------- ----- ------------
_HEADER11              00000000    00000001 =           1. bytes (ABS,CON)

        Value  Global            Value  Global            Value  Global    
        -----  ------            -----  ------            -----  ------    
ASxxxx Linker V03.00 + NoICE + sdld,  page 22.
Hexadecimal  [32-Bits]

Area                       Addr        Size        Decimal Bytes (Attributes)
--------------------       ----        ----        ------- ----- ------------
_HOME                  00001239    000000F8 =         248. bytes (REL,CON)

        Value  Global            Value  Global            Value  Global    
        -----  ------            -----  ------            -----  ------    
     00001239  .remove_V |    0000123C  .remove_i |    00001259  .add_VBL 
     0000125C  .add_int  |    00001267  .wait_vbl |    00001267  _wait_vbl
     00001276  .display_ |    00001276  _display_ |    0000128D  _remove_V
     00001298  _add_VBL  |    000012A3  _set_bkg_ |    000012C8  _set_bkg_
     000012F7  _printf   |    00001310  _sprintf 
ASxxxx Linker V03.00 + NoICE + sdld,  page 23.
Hexadecimal  [32-Bits]

Area                       Addr        Size        Decimal Bytes (Attributes)
--------------------       ----        ----        ------- ----- ------------
_BASE                  00001331    00000845 =        2117. bytes (REL,CON)

        Value  Global            Value  Global            Value  Global    
        -----  ------            -----  ------            -----  ------    
     00001331  _set_tile |    00001336  _set_bkg_ |    00001336  _set_win_
     0000133E  _set_spri |    0000136E  _set_bkg_ |    000013B2  .set_xy_w
     000013BB  .set_xy_b |    000013CA  .set_xy_s |    00001410  .padup   
     00001410  _waitpadu |    00001420  .jpad     |    00001420  _joypad  
     00001448  _waitpad  |    0000144B  .wait_pad |    00001452  ___memcpy
     00001452  _memcpy   |    00001495  _font_loa |    0000149C  font_copy
     000014D2  font_copy |    00001521  font_load |    00001569  font_copy
     000015B1  font_set  |    000015BE  .put_char |    000015D6  .out_char
     000015DC  .del_char |    00001632  _font_loa |    00001640  _font_set
     0000164F  _font_ini |    0000166F  .cls      |    0000166F  _cls     
     000016A1  .cr_curs  |    000016B6  .adv_curs |    00001712  .tmode   
     0000173B  .tmode_ou |    0000174B  _color    |    0000175A  .drawing_
     00001765  .drawing_ |    000017A1  _add_LCD  |    000017AC  .add_LCD 
     000017B2  _remove_L |    000017BD  .remove_L |    000017C3  _font_ibm
     00001B75  ___sdcc_c
ASxxxx Linker V03.00 + NoICE + sdld,  page 24.
Hexadecimal  [32-Bits]

Area                       Addr        Size        Decimal Bytes (Attributes)
--------------------       ----        ----        ------- ----- ------------
_INITIALIZER           00001B76    000005D3 =        1491. bytes (REL,CON)

        Value  Global            Value  Global            Value  Global    
        -----  ------            -----  ------            -----  ------    
ASxxxx Linker V03.00 + NoICE + sdld,  page 25.
Hexadecimal  [32-Bits]

Area                       Addr        Size        Decimal Bytes (Attributes)
--------------------       ----        ----        ------- ----- ------------
_GSINIT                00002149    0000003F =          63. bytes (REL,CON)

        Value  Global            Value  Global            Value  Global    
        -----  ------            -----  ------            -----  ------    
     00002149  gsinit   
ASxxxx Linker V03.00 + NoICE + sdld,  page 26.
Hexadecimal  [32-Bits]

Area                       Addr        Size        Decimal Bytes (Attributes)
--------------------       ----        ----        ------- ----- ------------
_GSFINAL               00002188    00000001 =           1. bytes (REL,CON)

        Value  Global            Value  Global            Value  Global    
        -----  ------            -----  ------            -----  ------    
ASxxxx Linker V03.00 + NoICE + sdld,  page 27.
Hexadecimal  [32-Bits]

Area                       Addr        Size        Decimal Bytes (Attributes)
--------------------       ----        ----        ------- ----- ------------
_DATA                  0000C0A0    00000198 =         408. bytes (REL,CON)

        Value  Global            Value  Global            Value  Global    
        -----  ------            -----  ------            -----  ------    
     0000C0A0  _bkg      |    0000C0C0  _joy      |    0000C0C1  _last_joy
     0000C0C2  _floorYpo |    0000C0C3  _active_a |    0000C233  _active_a
     0000C234  ___curren |    0000C236  ___curren |    0000C237  ___render
ASxxxx Linker V03.00 + NoICE + sdld,  page 28.
Hexadecimal  [32-Bits]

Area                       Addr        Size        Decimal Bytes (Attributes)
--------------------       ----        ----        ------- ----- ------------
_BSS                   0000C238    00000044 =          68. bytes (REL,CON)

        Value  Global            Value  Global            Value  Global    
        -----  ------            -----  ------            -----  ------    
     0000C238  __cpu     |    0000C239  .mode     |    0000C23A  .sys_time
     0000C23A  _sys_time |    0000C23C  .int_0x40 |    0000C250  .image_ti
     0000C251  font_curr |    0000C254  font_firs |    0000C255  font_tabl
     0000C267  .curx     |    0000C268  .cury     |    0000C269  .fg_colou
     0000C26A  .bg_colou |    0000C26B  .draw_mod |    0000C26C  .int_0x48
ASxxxx Linker V03.00 + NoICE + sdld,  page 29.
Hexadecimal  [32-Bits]

Area                       Addr        Size        Decimal Bytes (Attributes)
--------------------       ----        ----        ------- ----- ------------
_INITIALIZED           0000C27C    000005D3 =        1491. bytes (REL,CON)

        Value  Global            Value  Global            Value  Global    
        -----  ------            -----  ------            -----  ------    
     0000C27C  _animate_ |    0000C27F  _BRICK_WI |    0000C54F  _BRICK_WI
     0000C57F  _COLLISIO
ASxxxx Linker V03.00 + NoICE + sdld,  page 30.
Hexadecimal  [32-Bits]

Area                       Addr        Size        Decimal Bytes (Attributes)
--------------------       ----        ----        ------- ----- ------------
_HRAM12                00000000    00000003 =           3. bytes (ABS,CON)

        Value  Global            Value  Global            Value  Global    
        -----  ------            -----  ------            -----  ------    
     0000FF90  __current |    0000FF92  __shadow_
ASxxxx Linker V03.00 + NoICE + sdld,  page 31.
Hexadecimal  [32-Bits]

Area                       Addr        Size        Decimal Bytes (Attributes)
--------------------       ----        ----        ------- ----- ------------
_SFR0                  00000000    00000001 =           1. bytes (ABS,CON)

        Value  Global            Value  Global            Value  Global    
        -----  ------            -----  ------            -----  ------    
     0000FF00  _P1_REG  
ASxxxx Linker V03.00 + NoICE + sdld,  page 32.
Hexadecimal  [32-Bits]

Area                       Addr        Size        Decimal Bytes (Attributes)
--------------------       ----        ----        ------- ----- ------------
_SFR1                  00000000    00000001 =           1. bytes (ABS,CON)

        Value  Global            Value  Global            Value  Global    
        -----  ------            -----  ------            -----  ------    
     0000FF01  _SB_REG  
ASxxxx Linker V03.00 + NoICE + sdld,  page 33.
Hexadecimal  [32-Bits]

Area                       Addr        Size        Decimal Bytes (Attributes)
--------------------       ----        ----        ------- ----- ------------
_SFR2                  00000000    00000001 =           1. bytes (ABS,CON)

        Value  Global            Value  Global            Value  Global    
        -----  ------            -----  ------            -----  ------    
     0000FF02  _SC_REG  
ASxxxx Linker V03.00 + NoICE + sdld,  page 34.
Hexadecimal  [32-Bits]

Area                       Addr        Size        Decimal Bytes (Attributes)
--------------------       ----        ----        ------- ----- ------------
_SFR3                  00000000    00000001 =           1. bytes (ABS,CON)

        Value  Global            Value  Global            Value  Global    
        -----  ------            -----  ------            -----  ------    
     0000FF04  _DIV_REG 
ASxxxx Linker V03.00 + NoICE + sdld,  page 35.
Hexadecimal  [32-Bits]

Area                       Addr        Size        Decimal Bytes (Attributes)
--------------------       ----        ----        ------- ----- ------------
_SFR4                  00000000    00000001 =           1. bytes (ABS,CON)

        Value  Global            Value  Global            Value  Global    
        -----  ------            -----  ------            -----  ------    
     0000FF05  _TIMA_REG
ASxxxx Linker V03.00 + NoICE + sdld,  page 36.
Hexadecimal  [32-Bits]

Area                       Addr        Size        Decimal Bytes (Attributes)
--------------------       ----        ----        ------- ----- ------------
_SFR5                  00000000    00000001 =           1. bytes (ABS,CON)

        Value  Global            Value  Global            Value  Global    
        -----  ------            -----  ------            -----  ------    
     0000FF06  _TMA_REG 
ASxxxx Linker V03.00 + NoICE + sdld,  page 37.
Hexadecimal  [32-Bits]

Area                       Addr        Size        Decimal Bytes (Attributes)
--------------------       ----        ----        ------- ----- ------------
_SFR6                  00000000    00000001 =           1. bytes (ABS,CON)

        Value  Global            Value  Global            Value  Global    
        -----  ------            -----  ------            -----  ------    
     0000FF07  _TAC_REG 
ASxxxx Linker V03.00 + NoICE + sdld,  page 38.
Hexadecimal  [32-Bits]

Area                       Addr        Size        Decimal Bytes (Attributes)
--------------------       ----        ----        ------- ----- ------------
_SFR7                  00000000    00000001 =           1. bytes (ABS,CON)

        Value  Global            Value  Global            Value  Global    
        -----  ------            -----  ------            -----  ------    
     0000FF0F  _IF_REG  
ASxxxx Linker V03.00 + NoICE + sdld,  page 39.
Hexadecimal  [32-Bits]

Area                       Addr        Size        Decimal Bytes (Attributes)
--------------------       ----        ----        ------- ----- ------------
_SFR8                  00000000    00000001 =           1. bytes (ABS,CON)

        Value  Global            Value  Global            Value  Global    
        -----  ------            -----  ------            -----  ------    
     0000FF10  _NR10_REG
ASxxxx Linker V03.00 + NoICE + sdld,  page 40.
Hexadecimal  [32-Bits]

Area                       Addr        Size        Decimal Bytes (Attributes)
--------------------       ----        ----        ------- ----- ------------
_SFR9                  00000000    00000001 =           1. bytes (ABS,CON)

        Value  Global            Value  Global            Value  Global    
        -----  ------            -----  ------            -----  ------    
     0000FF11  _NR11_REG
ASxxxx Linker V03.00 + NoICE + sdld,  page 41.
Hexadecimal  [32-Bits]

Area                       Addr        Size        Decimal Bytes (Attributes)
--------------------       ----        ----        ------- ----- ------------
_SFRa                  00000000    00000001 =           1. bytes (ABS,CON)

        Value  Global            Value  Global            Value  Global    
        -----  ------            -----  ------            -----  ------    
     0000FF12  _NR12_REG
ASxxxx Linker V03.00 + NoICE + sdld,  page 42.
Hexadecimal  [32-Bits]

Area                       Addr        Size        Decimal Bytes (Attributes)
--------------------       ----        ----        ------- ----- ------------
_SFRb                  00000000    00000001 =           1. bytes (ABS,CON)

        Value  Global            Value  Global            Value  Global    
        -----  ------            -----  ------            -----  ------    
     0000FF13  _NR13_REG
ASxxxx Linker V03.00 + NoICE + sdld,  page 43.
Hexadecimal  [32-Bits]

Area                       Addr        Size        Decimal Bytes (Attributes)
--------------------       ----        ----        ------- ----- ------------
_SFRc                  00000000    00000001 =           1. bytes (ABS,CON)

        Value  Global            Value  Global            Value  Global    
        -----  ------            -----  ------            -----  ------    
     0000FF14  _NR14_REG
ASxxxx Linker V03.00 + NoICE + sdld,  page 44.
Hexadecimal  [32-Bits]

Area                       Addr        Size        Decimal Bytes (Attributes)
--------------------       ----        ----        ------- ----- ------------
_SFRd                  00000000    00000001 =           1. bytes (ABS,CON)

        Value  Global            Value  Global            Value  Global    
        -----  ------            -----  ------            -----  ------    
     0000FF16  _NR21_REG
ASxxxx Linker V03.00 + NoICE + sdld,  page 45.
Hexadecimal  [32-Bits]

Area                       Addr        Size        Decimal Bytes (Attributes)
--------------------       ----        ----        ------- ----- ------------
_SFRe                  00000000    00000001 =           1. bytes (ABS,CON)

        Value  Global            Value  Global            Value  Global    
        -----  ------            -----  ------            -----  ------    
     0000FF17  _NR22_REG
ASxxxx Linker V03.00 + NoICE + sdld,  page 46.
Hexadecimal  [32-Bits]

Area                       Addr        Size        Decimal Bytes (Attributes)
--------------------       ----        ----        ------- ----- ------------
_SFRf                  00000000    00000001 =           1. bytes (ABS,CON)

        Value  Global            Value  Global            Value  Global    
        -----  ------            -----  ------            -----  ------    
     0000FF18  _NR23_REG
ASxxxx Linker V03.00 + NoICE + sdld,  page 47.
Hexadecimal  [32-Bits]

Area                       Addr        Size        Decimal Bytes (Attributes)
--------------------       ----        ----        ------- ----- ------------
_SFR10                 00000000    00000001 =           1. bytes (ABS,CON)

        Value  Global            Value  Global            Value  Global    
        -----  ------            -----  ------            -----  ------    
     0000FF19  _NR24_REG
ASxxxx Linker V03.00 + NoICE + sdld,  page 48.
Hexadecimal  [32-Bits]

Area                       Addr        Size        Decimal Bytes (Attributes)
--------------------       ----        ----        ------- ----- ------------
_SFR11                 00000000    00000001 =           1. bytes (ABS,CON)

        Value  Global            Value  Global            Value  Global    
        -----  ------            -----  ------            -----  ------    
     0000FF1A  _NR30_REG
ASxxxx Linker V03.00 + NoICE + sdld,  page 49.
Hexadecimal  [32-Bits]

Area                       Addr        Size        Decimal Bytes (Attributes)
--------------------       ----        ----        ------- ----- ------------
_SFR12                 00000000    00000001 =           1. bytes (ABS,CON)

        Value  Global            Value  Global            Value  Global    
        -----  ------            -----  ------            -----  ------    
     0000FF1B  _NR31_REG
ASxxxx Linker V03.00 + NoICE + sdld,  page 50.
Hexadecimal  [32-Bits]

Area                       Addr        Size        Decimal Bytes (Attributes)
--------------------       ----        ----        ------- ----- ------------
_SFR13                 00000000    00000001 =           1. bytes (ABS,CON)

        Value  Global            Value  Global            Value  Global    
        -----  ------            -----  ------            -----  ------    
     0000FF1C  _NR32_REG
ASxxxx Linker V03.00 + NoICE + sdld,  page 51.
Hexadecimal  [32-Bits]

Area                       Addr        Size        Decimal Bytes (Attributes)
--------------------       ----        ----        ------- ----- ------------
_SFR14                 00000000    00000001 =           1. bytes (ABS,CON)

        Value  Global            Value  Global            Value  Global    
        -----  ------            -----  ------            -----  ------    
     0000FF1D  _NR33_REG
ASxxxx Linker V03.00 + NoICE + sdld,  page 52.
Hexadecimal  [32-Bits]

Area                       Addr        Size        Decimal Bytes (Attributes)
--------------------       ----        ----        ------- ----- ------------
_SFR15                 00000000    00000001 =           1. bytes (ABS,CON)

        Value  Global            Value  Global            Value  Global    
        -----  ------            -----  ------            -----  ------    
     0000FF1E  _NR34_REG
ASxxxx Linker V03.00 + NoICE + sdld,  page 53.
Hexadecimal  [32-Bits]

Area                       Addr        Size        Decimal Bytes (Attributes)
--------------------       ----        ----        ------- ----- ------------
_SFR16                 00000000    00000001 =           1. bytes (ABS,CON)

        Value  Global            Value  Global            Value  Global    
        -----  ------            -----  ------            -----  ------    
     0000FF20  _NR41_REG
ASxxxx Linker V03.00 + NoICE + sdld,  page 54.
Hexadecimal  [32-Bits]

Area                       Addr        Size        Decimal Bytes (Attributes)
--------------------       ----        ----        ------- ----- ------------
_SFR17                 00000000    00000001 =           1. bytes (ABS,CON)

        Value  Global            Value  Global            Value  Global    
        -----  ------            -----  ------            -----  ------    
     0000FF21  _NR42_REG
ASxxxx Linker V03.00 + NoICE + sdld,  page 55.
Hexadecimal  [32-Bits]

Area                       Addr        Size        Decimal Bytes (Attributes)
--------------------       ----        ----        ------- ----- ------------
_SFR18                 00000000    00000001 =           1. bytes (ABS,CON)

        Value  Global            Value  Global            Value  Global    
        -----  ------            -----  ------            -----  ------    
     0000FF22  _NR43_REG
ASxxxx Linker V03.00 + NoICE + sdld,  page 56.
Hexadecimal  [32-Bits]

Area                       Addr        Size        Decimal Bytes (Attributes)
--------------------       ----        ----        ------- ----- ------------
_SFR19                 00000000    00000001 =           1. bytes (ABS,CON)

        Value  Global            Value  Global            Value  Global    
        -----  ------            -----  ------            -----  ------    
     0000FF23  _NR44_REG
ASxxxx Linker V03.00 + NoICE + sdld,  page 57.
Hexadecimal  [32-Bits]

Area                       Addr        Size        Decimal Bytes (Attributes)
--------------------       ----        ----        ------- ----- ------------
_SFR1a                 00000000    00000001 =           1. bytes (ABS,CON)

        Value  Global            Value  Global            Value  Global    
        -----  ------            -----  ------            -----  ------    
     0000FF24  _NR50_REG
ASxxxx Linker V03.00 + NoICE + sdld,  page 58.
Hexadecimal  [32-Bits]

Area                       Addr        Size        Decimal Bytes (Attributes)
--------------------       ----        ----        ------- ----- ------------
_SFR1b                 00000000    00000001 =           1. bytes (ABS,CON)

        Value  Global            Value  Global            Value  Global    
        -----  ------            -----  ------            -----  ------    
     0000FF25  _NR51_REG
ASxxxx Linker V03.00 + NoICE + sdld,  page 59.
Hexadecimal  [32-Bits]

Area                       Addr        Size        Decimal Bytes (Attributes)
--------------------       ----        ----        ------- ----- ------------
_SFR1c                 00000000    00000001 =           1. bytes (ABS,CON)

        Value  Global            Value  Global            Value  Global    
        -----  ------            -----  ------            -----  ------    
     0000FF26  _NR52_REG
ASxxxx Linker V03.00 + NoICE + sdld,  page 60.
Hexadecimal  [32-Bits]

Area                       Addr        Size        Decimal Bytes (Attributes)
--------------------       ----        ----        ------- ----- ------------
_SFR1d                 00000000    00000001 =           1. bytes (ABS,CON)

        Value  Global            Value  Global            Value  Global    
        -----  ------            -----  ------            -----  ------    
     0000FF40  _LCDC_REG
ASxxxx Linker V03.00 + NoICE + sdld,  page 61.
Hexadecimal  [32-Bits]

Area                       Addr        Size        Decimal Bytes (Attributes)
--------------------       ----        ----        ------- ----- ------------
_SFR1e                 00000000    00000001 =           1. bytes (ABS,CON)

        Value  Global            Value  Global            Value  Global    
        -----  ------            -----  ------            -----  ------    
     0000FF41  _STAT_REG
ASxxxx Linker V03.00 + NoICE + sdld,  page 62.
Hexadecimal  [32-Bits]

Area                       Addr        Size        Decimal Bytes (Attributes)
--------------------       ----        ----        ------- ----- ------------
_SFR1f                 00000000    00000001 =           1. bytes (ABS,CON)

        Value  Global            Value  Global            Value  Global    
        -----  ------            -----  ------            -----  ------    
     0000FF42  _SCY_REG 
ASxxxx Linker V03.00 + NoICE + sdld,  page 63.
Hexadecimal  [32-Bits]

Area                       Addr        Size        Decimal Bytes (Attributes)
--------------------       ----        ----        ------- ----- ------------
_SFR20                 00000000    00000001 =           1. bytes (ABS,CON)

        Value  Global            Value  Global            Value  Global    
        -----  ------            -----  ------            -----  ------    
     0000FF43  _SCX_REG 
ASxxxx Linker V03.00 + NoICE + sdld,  page 64.
Hexadecimal  [32-Bits]

Area                       Addr        Size        Decimal Bytes (Attributes)
--------------------       ----        ----        ------- ----- ------------
_SFR21                 00000000    00000001 =           1. bytes (ABS,CON)

        Value  Global            Value  Global            Value  Global    
        -----  ------            -----  ------            -----  ------    
     0000FF44  _LY_REG  
ASxxxx Linker V03.00 + NoICE + sdld,  page 65.
Hexadecimal  [32-Bits]

Area                       Addr        Size        Decimal Bytes (Attributes)
--------------------       ----        ----        ------- ----- ------------
_SFR22                 00000000    00000001 =           1. bytes (ABS,CON)

        Value  Global            Value  Global            Value  Global    
        -----  ------            -----  ------            -----  ------    
     0000FF45  _LYC_REG 
ASxxxx Linker V03.00 + NoICE + sdld,  page 66.
Hexadecimal  [32-Bits]

Area                       Addr        Size        Decimal Bytes (Attributes)
--------------------       ----        ----        ------- ----- ------------
_SFR23                 00000000    00000001 =           1. bytes (ABS,CON)

        Value  Global            Value  Global            Value  Global    
        -----  ------            -----  ------            -----  ------    
     0000FF46  _DMA_REG 
ASxxxx Linker V03.00 + NoICE + sdld,  page 67.
Hexadecimal  [32-Bits]

Area                       Addr        Size        Decimal Bytes (Attributes)
--------------------       ----        ----        ------- ----- ------------
_SFR24                 00000000    00000001 =           1. bytes (ABS,CON)

        Value  Global            Value  Global            Value  Global    
        -----  ------            -----  ------            -----  ------    
     0000FF47  _BGP_REG 
ASxxxx Linker V03.00 + NoICE + sdld,  page 68.
Hexadecimal  [32-Bits]

Area                       Addr        Size        Decimal Bytes (Attributes)
--------------------       ----        ----        ------- ----- ------------
_SFR25                 00000000    00000001 =           1. bytes (ABS,CON)

        Value  Global            Value  Global            Value  Global    
        -----  ------            -----  ------            -----  ------    
     0000FF48  _OBP0_REG
ASxxxx Linker V03.00 + NoICE + sdld,  page 69.
Hexadecimal  [32-Bits]

Area                       Addr        Size        Decimal Bytes (Attributes)
--------------------       ----        ----        ------- ----- ------------
_SFR26                 00000000    00000001 =           1. bytes (ABS,CON)

        Value  Global            Value  Global            Value  Global    
        -----  ------            -----  ------            -----  ------    
     0000FF49  _OBP1_REG
ASxxxx Linker V03.00 + NoICE + sdld,  page 70.
Hexadecimal  [32-Bits]

Area                       Addr        Size        Decimal Bytes (Attributes)
--------------------       ----        ----        ------- ----- ------------
_SFR27                 00000000    00000001 =           1. bytes (ABS,CON)

        Value  Global            Value  Global            Value  Global    
        -----  ------            -----  ------            -----  ------    
     0000FF4A  _WY_REG  
ASxxxx Linker V03.00 + NoICE + sdld,  page 71.
Hexadecimal  [32-Bits]

Area                       Addr        Size        Decimal Bytes (Attributes)
--------------------       ----        ----        ------- ----- ------------
_SFR28                 00000000    00000001 =           1. bytes (ABS,CON)

        Value  Global            Value  Global            Value  Global    
        -----  ------            -----  ------            -----  ------    
     0000FF4B  _WX_REG  
ASxxxx Linker V03.00 + NoICE + sdld,  page 72.
Hexadecimal  [32-Bits]

Area                       Addr        Size        Decimal Bytes (Attributes)
--------------------       ----        ----        ------- ----- ------------
_SFR29                 00000000    00000001 =           1. bytes (ABS,CON)

        Value  Global            Value  Global            Value  Global    
        -----  ------            -----  ------            -----  ------    
     0000FF4D  _KEY1_REG
ASxxxx Linker V03.00 + NoICE + sdld,  page 73.
Hexadecimal  [32-Bits]

Area                       Addr        Size        Decimal Bytes (Attributes)
--------------------       ----        ----        ------- ----- ------------
_SFR2a                 00000000    00000001 =           1. bytes (ABS,CON)

        Value  Global            Value  Global            Value  Global    
        -----  ------            -----  ------            -----  ------    
     0000FF4F  _VBK_REG 
ASxxxx Linker V03.00 + NoICE + sdld,  page 74.
Hexadecimal  [32-Bits]

Area                       Addr        Size        Decimal Bytes (Attributes)
--------------------       ----        ----        ------- ----- ------------
_SFR2b                 00000000    00000001 =           1. bytes (ABS,CON)

        Value  Global            Value  Global            Value  Global    
        -----  ------            -----  ------            -----  ------    
     0000FF51  _HDMA1_RE
ASxxxx Linker V03.00 + NoICE + sdld,  page 75.
Hexadecimal  [32-Bits]

Area                       Addr        Size        Decimal Bytes (Attributes)
--------------------       ----        ----        ------- ----- ------------
_SFR2c                 00000000    00000001 =           1. bytes (ABS,CON)

        Value  Global            Value  Global            Value  Global    
        -----  ------            -----  ------            -----  ------    
     0000FF52  _HDMA2_RE
ASxxxx Linker V03.00 + NoICE + sdld,  page 76.
Hexadecimal  [32-Bits]

Area                       Addr        Size        Decimal Bytes (Attributes)
--------------------       ----        ----        ------- ----- ------------
_SFR2d                 00000000    00000001 =           1. bytes (ABS,CON)

        Value  Global            Value  Global            Value  Global    
        -----  ------            -----  ------            -----  ------    
     0000FF53  _HDMA3_RE
ASxxxx Linker V03.00 + NoICE + sdld,  page 77.
Hexadecimal  [32-Bits]

Area                       Addr        Size        Decimal Bytes (Attributes)
--------------------       ----        ----        ------- ----- ------------
_SFR2e                 00000000    00000001 =           1. bytes (ABS,CON)

        Value  Global            Value  Global            Value  Global    
        -----  ------            -----  ------            -----  ------    
     0000FF54  _HDMA4_RE
ASxxxx Linker V03.00 + NoICE + sdld,  page 78.
Hexadecimal  [32-Bits]

Area                       Addr        Size        Decimal Bytes (Attributes)
--------------------       ----        ----        ------- ----- ------------
_SFR2f                 00000000    00000001 =           1. bytes (ABS,CON)

        Value  Global            Value  Global            Value  Global    
        -----  ------            -----  ------            -----  ------    
     0000FF55  _HDMA5_RE
ASxxxx Linker V03.00 + NoICE + sdld,  page 79.
Hexadecimal  [32-Bits]

Area                       Addr        Size        Decimal Bytes (Attributes)
--------------------       ----        ----        ------- ----- ------------
_SFR30                 00000000    00000001 =           1. bytes (ABS,CON)

        Value  Global            Value  Global            Value  Global    
        -----  ------            -----  ------            -----  ------    
     0000FF56  _RP_REG  
ASxxxx Linker V03.00 + NoICE + sdld,  page 80.
Hexadecimal  [32-Bits]

Area                       Addr        Size        Decimal Bytes (Attributes)
--------------------       ----        ----        ------- ----- ------------
_SFR31                 00000000    00000001 =           1. bytes (ABS,CON)

        Value  Global            Value  Global            Value  Global    
        -----  ------            -----  ------            -----  ------    
     0000FF68  _BCPS_REG
ASxxxx Linker V03.00 + NoICE + sdld,  page 81.
Hexadecimal  [32-Bits]

Area                       Addr        Size        Decimal Bytes (Attributes)
--------------------       ----        ----        ------- ----- ------------
_SFR32                 00000000    00000001 =           1. bytes (ABS,CON)

        Value  Global            Value  Global            Value  Global    
        -----  ------            -----  ------            -----  ------    
     0000FF69  _BCPD_REG
ASxxxx Linker V03.00 + NoICE + sdld,  page 82.
Hexadecimal  [32-Bits]

Area                       Addr        Size        Decimal Bytes (Attributes)
--------------------       ----        ----        ------- ----- ------------
_SFR33                 00000000    00000001 =           1. bytes (ABS,CON)

        Value  Global            Value  Global            Value  Global    
        -----  ------            -----  ------            -----  ------    
     0000FF6A  _OCPS_REG
ASxxxx Linker V03.00 + NoICE + sdld,  page 83.
Hexadecimal  [32-Bits]

Area                       Addr        Size        Decimal Bytes (Attributes)
--------------------       ----        ----        ------- ----- ------------
_SFR34                 00000000    00000001 =           1. bytes (ABS,CON)

        Value  Global            Value  Global            Value  Global    
        -----  ------            -----  ------            -----  ------    
     0000FF6B  _OCPD_REG
ASxxxx Linker V03.00 + NoICE + sdld,  page 84.
Hexadecimal  [32-Bits]

Area                       Addr        Size        Decimal Bytes (Attributes)
--------------------       ----        ----        ------- ----- ------------
_SFR35                 00000000    00000001 =           1. bytes (ABS,CON)

        Value  Global            Value  Global            Value  Global    
        -----  ------            -----  ------            -----  ------    
     0000FF70  _SVBK_REG
ASxxxx Linker V03.00 + NoICE + sdld,  page 85.
Hexadecimal  [32-Bits]

Area                       Addr        Size        Decimal Bytes (Attributes)
--------------------       ----        ----        ------- ----- ------------
_SFR36                 00000000    00000001 =           1. bytes (ABS,CON)

        Value  Global            Value  Global            Value  Global    
        -----  ------            -----  ------            -----  ------    
     0000FFFF  _IE_REG  
ASxxxx Linker V03.00 + NoICE + sdld,  page 86.
Hexadecimal  [32-Bits]

Area                       Addr        Size        Decimal Bytes (Attributes)
--------------------       ----        ----        ------- ----- ------------
_FONT_HEADER0          00000000    00000003 =           3. bytes (ABS,CON)

        Value  Global            Value  Global            Value  Global    
        -----  ------            -----  ------            -----  ------    
ASxxxx Linker V03.00 + NoICE + sdld,  page 87.
Hexadecimal  [32-Bits]

Area                       Addr        Size        Decimal Bytes (Attributes)
--------------------       ----        ----        ------- ----- ------------
_HEADER_LCD0           00000000    00000003 =           3. bytes (ABS,CON)

        Value  Global            Value  Global            Value  Global    
        -----  ------            -----  ------            -----  ------    
ASxxxx Linker V03.00 + NoICE + sdld,  page 88.

Files Linked                              [ module(s) ]

C:\c_code\gbdk\lib/small/asxxxx/gb/crt0.o
                                          [ Runtime ]
C:\Users\User\AppData\Local\Temp/lcc127360.rel
                                          [ macros ]
C:\Users\User\AppData\Local\Temp/lcc127361.rel
                                          [ main ]
C:\Users\User\AppData\Local\Temp/lcc127362.rel
                                          [ scene ]
C:\Users\User\AppData\Local\Temp/lcc127363.rel
                                          [ submap ]
C:\Users\User\AppData\Local\Temp/lcc127364.rel
                                          [ brick_wide_map ]
C:\Users\User\AppData\Local\Temp/lcc127365.rel
                                          [ brick_wide_tiles ]
C:\Users\User\AppData\Local\Temp/lcc127366.rel
                                          [ collision_wide_map ]


Libraries Linked                          [ object file ]

C:\c_code\gbdk\lib/small/asxxxx/gb/gb.lib
                                          [ sfr.o ]
C:\c_code\gbdk\lib/small/asxxxx/gb/gb.lib
                                          [ set_data.o ]
C:\c_code\gbdk\lib/small/asxxxx/gb/gb.lib
                                          [ set_tile_submap.o ]
C:\c_code\gbdk\lib/small/asxxxx/gb/gb.lib
                                          [ pad.o ]
C:\c_code\gbdk\lib/small/asxxxx/gb/gb.lib
                                          [ metasprites.o ]
C:\c_code\gbdk\lib/small/asxxxx/gbz80/gbz80.lib
                                          [ _memcpy.o ]
C:\c_code\gbdk\lib/small/asxxxx/gb/gb.lib
                                          [ metasprites_flip.o ]
C:\c_code\gbdk\lib/small/asxxxx/gbz80/gbz80.lib
                                          [ printf.o ]
C:\c_code\gbdk\lib/small/asxxxx/gb/gb.lib
                                          [ font.o ]
C:\c_code\gbdk\lib/small/asxxxx/gb/gb.lib
                                          [ color.o ]
C:\c_code\gbdk\lib/small/asxxxx/gb/gb.lib
                                          [ drawing_isr.o ]
C:\c_code\gbdk\lib/small/asxxxx/gb/gb.lib
                                          [ lcd.o ]
C:\c_code\gbdk\lib/small/asxxxx/gb/gb.lib
                                          [ f_ibm_sh.o ]
C:\c_code\gbdk\lib/small/asxxxx/gbz80/gbz80.lib
                                          [ sprintf.o ]
C:\c_code\gbdk\lib/small/asxxxx/gbz80/gbz80.lib
                                          [ itoa.o ]
C:\c_code\gbdk\lib/small/asxxxx/gbz80/gbz80.lib
                                          [ __sdcc_call_hl.o ]

ASxxxx Linker V03.00 + NoICE + sdld,  page 89.

User Base Address Definitions

_DATA=0xc0a0
_CODE=0x0200
ASxxxx Linker V03.00 + NoICE + sdld,  page 90.

User Global Definitions

_shadow_OAM=0xC000
.STACK=0xE000
.refresh_OAM=0xFF80

